[0.327s] Invoking command in '/home/yeon/hardware_monitor/src/relay_bridge': PYTHONPATH=/home/yeon/hardware_monitor/src/relay_bridge/build/relay_bridge/prefix_override:/usr/lib/python3/dist-packages/colcon_core/task/python/colcon_distutils_commands:/home/yeon/hardware_monitor/src/relay_bridge/install/relay_bridge/lib/python3.10/site-packages:${PYTHONPATH} /usr/bin/python3 -W ignore:setup.py install is deprecated -W ignore:easy_install command is deprecated setup.py egg_info --egg-base build/relay_bridge build --build-base /home/yeon/hardware_monitor/src/relay_bridge/build/relay_bridge/build install --record /home/yeon/hardware_monitor/src/relay_bridge/build/relay_bridge/install.log --single-version-externally-managed install_data
[0.430s] running egg_info
[0.430s] creating build/relay_bridge/relay_bridge.egg-info
[0.430s] writing build/relay_bridge/relay_bridge.egg-info/PKG-INFO
[0.430s] writing dependency_links to build/relay_bridge/relay_bridge.egg-info/dependency_links.txt
[0.430s] writing entry points to build/relay_bridge/relay_bridge.egg-info/entry_points.txt
[0.431s] writing requirements to build/relay_bridge/relay_bridge.egg-info/requires.txt
[0.431s] writing top-level names to build/relay_bridge/relay_bridge.egg-info/top_level.txt
[0.431s] writing manifest file 'build/relay_bridge/relay_bridge.egg-info/SOURCES.txt'
[0.431s] reading manifest file 'build/relay_bridge/relay_bridge.egg-info/SOURCES.txt'
[0.432s] writing manifest file 'build/relay_bridge/relay_bridge.egg-info/SOURCES.txt'
[0.432s] running build
[0.432s] running build_py
[0.432s] creating /home/yeon/hardware_monitor/src/relay_bridge/build/relay_bridge/build
[0.432s] creating /home/yeon/hardware_monitor/src/relay_bridge/build/relay_bridge/build/lib
[0.432s] creating /home/yeon/hardware_monitor/src/relay_bridge/build/relay_bridge/build/lib/relay_bridge
[0.432s] copying relay_bridge/__init__.py -> /home/yeon/hardware_monitor/src/relay_bridge/build/relay_bridge/build/lib/relay_bridge
[0.433s] copying relay_bridge/relay_bridge_node.py -> /home/yeon/hardware_monitor/src/relay_bridge/build/relay_bridge/build/lib/relay_bridge
[0.433s] running install
[0.433s] running install_lib
[0.433s] creating /home/yeon/hardware_monitor/src/relay_bridge/install/relay_bridge/lib/python3.10/site-packages/relay_bridge
[0.433s] copying /home/yeon/hardware_monitor/src/relay_bridge/build/relay_bridge/build/lib/relay_bridge/__init__.py -> /home/yeon/hardware_monitor/src/relay_bridge/install/relay_bridge/lib/python3.10/site-packages/relay_bridge
[0.433s] copying /home/yeon/hardware_monitor/src/relay_bridge/build/relay_bridge/build/lib/relay_bridge/relay_bridge_node.py -> /home/yeon/hardware_monitor/src/relay_bridge/install/relay_bridge/lib/python3.10/site-packages/relay_bridge
[0.434s] byte-compiling /home/yeon/hardware_monitor/src/relay_bridge/install/relay_bridge/lib/python3.10/site-packages/relay_bridge/__init__.py to __init__.cpython-310.pyc
[0.434s] byte-compiling /home/yeon/hardware_monitor/src/relay_bridge/install/relay_bridge/lib/python3.10/site-packages/relay_bridge/relay_bridge_node.py to relay_bridge_node.cpython-310.pyc
[0.434s] running install_data
[0.435s] creating /home/yeon/hardware_monitor/src/relay_bridge/install/relay_bridge/share/ament_index
[0.435s] creating /home/yeon/hardware_monitor/src/relay_bridge/install/relay_bridge/share/ament_index/resource_index
[0.435s] creating /home/yeon/hardware_monitor/src/relay_bridge/install/relay_bridge/share/ament_index/resource_index/packages
[0.435s] copying resource/relay_bridge -> /home/yeon/hardware_monitor/src/relay_bridge/install/relay_bridge/share/ament_index/resource_index/packages
[0.435s] copying package.xml -> /home/yeon/hardware_monitor/src/relay_bridge/install/relay_bridge/share/relay_bridge
[0.435s] running install_egg_info
[0.436s] Copying build/relay_bridge/relay_bridge.egg-info to /home/yeon/hardware_monitor/src/relay_bridge/install/relay_bridge/lib/python3.10/site-packages/relay_bridge-0.0.0-py3.10.egg-info
[0.436s] running install_scripts
[0.445s] Installing relay_bridge_node script to /home/yeon/hardware_monitor/src/relay_bridge/install/relay_bridge/lib/relay_bridge
[0.446s] writing list of installed files to '/home/yeon/hardware_monitor/src/relay_bridge/build/relay_bridge/install.log'
[0.459s] Invoked command in '/home/yeon/hardware_monitor/src/relay_bridge' returned '0': PYTHONPATH=/home/yeon/hardware_monitor/src/relay_bridge/build/relay_bridge/prefix_override:/usr/lib/python3/dist-packages/colcon_core/task/python/colcon_distutils_commands:/home/yeon/hardware_monitor/src/relay_bridge/install/relay_bridge/lib/python3.10/site-packages:${PYTHONPATH} /usr/bin/python3 -W ignore:setup.py install is deprecated -W ignore:easy_install command is deprecated setup.py egg_info --egg-base build/relay_bridge build --build-base /home/yeon/hardware_monitor/src/relay_bridge/build/relay_bridge/build install --record /home/yeon/hardware_monitor/src/relay_bridge/build/relay_bridge/install.log --single-version-externally-managed install_data
