[0.328s] DEBUG:colcon:Command line arguments: ['/usr/bin/colcon', 'build']
[0.328s] DEBUG:colcon:Parsed command line arguments: Namespace(log_base=None, log_level=None, verb_name='build', build_base='build', install_base='install', merge_install=False, symlink_install=False, test_result_base=None, continue_on_error=False, executor='parallel', parallel_workers=16, event_handlers=None, ignore_user_meta=False, metas=['./colcon.meta'], base_paths=['.'], packages_ignore=None, packages_ignore_regex=None, paths=None, packages_up_to=None, packages_up_to_regex=None, packages_above=None, packages_above_and_dependencies=None, packages_above_depth=None, packages_select_by_dep=None, packages_skip_by_dep=None, packages_skip_up_to=None, packages_select_build_failed=False, packages_skip_build_finished=False, packages_select_test_failures=False, packages_skip_test_passed=False, packages_select=None, packages_skip=None, packages_select_regex=None, packages_skip_regex=None, packages_start=None, packages_end=None, allow_overriding=[], cmake_args=None, cmake_target=None, cmake_target_skip_unavailable=False, cmake_clean_cache=False, cmake_clean_first=False, cmake_force_configure=False, ament_cmake_args=None, catkin_cmake_args=None, catkin_skip_building_tests=False, mixin_files=None, mixin=None, verb_parser=<colcon_mixin.mixin.mixin_argument.MixinArgumentDecorator object at 0x7f3468f34250>, verb_extension=<colcon_core.verb.build.BuildVerb object at 0x7f34690b5240>, main=<bound method BuildVerb.main of <colcon_core.verb.build.BuildVerb object at 0x7f34690b5240>>, mixin_verb=('build',))
[0.629s] Level 1:colcon.colcon_core.package_discovery:discover_packages(colcon_meta) check parameters
[0.629s] Level 1:colcon.colcon_core.package_discovery:discover_packages(recursive) check parameters
[0.629s] Level 1:colcon.colcon_core.package_discovery:discover_packages(ignore) check parameters
[0.629s] Level 1:colcon.colcon_core.package_discovery:discover_packages(path) check parameters
[0.629s] Level 1:colcon.colcon_core.package_discovery:discover_packages(colcon_meta) discover
[0.629s] Level 1:colcon.colcon_core.package_discovery:discover_packages(recursive) discover
[0.629s] INFO:colcon.colcon_core.package_discovery:Crawling recursively for packages in '/home/yeon/hardware_monitor/src/relay_bridge'
[0.630s] Level 1:colcon.colcon_core.package_identification:_identify(.) by extensions ['ignore', 'ignore_ament_install']
[0.630s] Level 1:colcon.colcon_core.package_identification:_identify(.) by extension 'ignore'
[0.630s] Level 1:colcon.colcon_core.package_identification:_identify(.) by extension 'ignore_ament_install'
[0.630s] Level 1:colcon.colcon_core.package_identification:_identify(.) by extensions ['colcon_pkg']
[0.630s] Level 1:colcon.colcon_core.package_identification:_identify(.) by extension 'colcon_pkg'
[0.630s] Level 1:colcon.colcon_core.package_identification:_identify(.) by extensions ['colcon_meta']
[0.630s] Level 1:colcon.colcon_core.package_identification:_identify(.) by extension 'colcon_meta'
[0.630s] Level 1:colcon.colcon_core.package_identification:_identify(.) by extensions ['ros']
[0.630s] Level 1:colcon.colcon_core.package_identification:_identify(.) by extension 'ros'
[0.648s] DEBUG:colcon.colcon_core.package_identification:Package '.' with type 'ros.ament_python' and name 'relay_bridge'
[0.648s] Level 1:colcon.colcon_core.package_discovery:discover_packages(recursive) using defaults
[0.648s] Level 1:colcon.colcon_core.package_discovery:discover_packages(ignore) discover
[0.648s] Level 1:colcon.colcon_core.package_discovery:discover_packages(ignore) using defaults
[0.648s] Level 1:colcon.colcon_core.package_discovery:discover_packages(path) discover
[0.648s] Level 1:colcon.colcon_core.package_discovery:discover_packages(path) using defaults
[0.665s] Level 1:colcon.colcon_core.package_discovery:discover_packages(prefix_path) check parameters
[0.665s] Level 1:colcon.colcon_core.package_discovery:discover_packages(prefix_path) discover
[0.670s] DEBUG:colcon.colcon_installed_package_information.package_discovery:Found 1 installed packages in /home/yeon/hardware_monitor/src/relay_bridge/install
[0.671s] DEBUG:colcon.colcon_installed_package_information.package_discovery:Found 6 installed packages in /home/yeon/hardware_monitor/install
[0.672s] DEBUG:colcon.colcon_installed_package_information.package_discovery:Found 282 installed packages in /opt/ros/humble
[0.673s] Level 1:colcon.colcon_core.package_discovery:discover_packages(prefix_path) using defaults
[0.741s] Level 5:colcon.colcon_core.verb:set package 'relay_bridge' build argument 'cmake_args' from command line to 'None'
[0.741s] Level 5:colcon.colcon_core.verb:set package 'relay_bridge' build argument 'cmake_target' from command line to 'None'
[0.741s] Level 5:colcon.colcon_core.verb:set package 'relay_bridge' build argument 'cmake_target_skip_unavailable' from command line to 'False'
[0.741s] Level 5:colcon.colcon_core.verb:set package 'relay_bridge' build argument 'cmake_clean_cache' from command line to 'False'
[0.741s] Level 5:colcon.colcon_core.verb:set package 'relay_bridge' build argument 'cmake_clean_first' from command line to 'False'
[0.741s] Level 5:colcon.colcon_core.verb:set package 'relay_bridge' build argument 'cmake_force_configure' from command line to 'False'
[0.741s] Level 5:colcon.colcon_core.verb:set package 'relay_bridge' build argument 'ament_cmake_args' from command line to 'None'
[0.741s] Level 5:colcon.colcon_core.verb:set package 'relay_bridge' build argument 'catkin_cmake_args' from command line to 'None'
[0.741s] Level 5:colcon.colcon_core.verb:set package 'relay_bridge' build argument 'catkin_skip_building_tests' from command line to 'False'
[0.741s] DEBUG:colcon.colcon_core.verb:Building package 'relay_bridge' with the following arguments: {'ament_cmake_args': None, 'build_base': '/home/yeon/hardware_monitor/src/relay_bridge/build/relay_bridge', 'catkin_cmake_args': None, 'catkin_skip_building_tests': False, 'cmake_args': None, 'cmake_clean_cache': False, 'cmake_clean_first': False, 'cmake_force_configure': False, 'cmake_target': None, 'cmake_target_skip_unavailable': False, 'install_base': '/home/yeon/hardware_monitor/src/relay_bridge/install/relay_bridge', 'merge_install': False, 'path': '/home/yeon/hardware_monitor/src/relay_bridge', 'symlink_install': False, 'test_result_base': None}
[0.742s] INFO:colcon.colcon_core.executor:Executing jobs using 'parallel' executor
[0.742s] DEBUG:colcon.colcon_parallel_executor.executor.parallel:run_until_complete
[0.743s] INFO:colcon.colcon_ros.task.ament_python.build:Building ROS package in '/home/yeon/hardware_monitor/src/relay_bridge' with build type 'ament_python'
[0.743s] Level 1:colcon.colcon_core.shell:create_environment_hook('relay_bridge', 'ament_prefix_path')
[0.747s] INFO:colcon.colcon_core.plugin_system:Skipping extension 'colcon_core.shell.bat': Not used on non-Windows systems
[0.747s] INFO:colcon.colcon_core.shell:Creating environment hook '/home/yeon/hardware_monitor/src/relay_bridge/install/relay_bridge/share/relay_bridge/hook/ament_prefix_path.ps1'
[0.749s] INFO:colcon.colcon_core.shell:Creating environment descriptor '/home/yeon/hardware_monitor/src/relay_bridge/install/relay_bridge/share/relay_bridge/hook/ament_prefix_path.dsv'
[0.749s] INFO:colcon.colcon_core.shell:Creating environment hook '/home/yeon/hardware_monitor/src/relay_bridge/install/relay_bridge/share/relay_bridge/hook/ament_prefix_path.sh'
[0.750s] INFO:colcon.colcon_core.shell:Skip shell extension 'powershell' for command environment: Not usable outside of PowerShell
[0.750s] DEBUG:colcon.colcon_core.shell:Skip shell extension 'dsv' for command environment
[0.871s] INFO:colcon.colcon_core.task.python.build:Building Python package in '/home/yeon/hardware_monitor/src/relay_bridge'
[0.872s] INFO:colcon.colcon_core.shell:Skip shell extension 'powershell' for command environment: Not usable outside of PowerShell
[0.872s] DEBUG:colcon.colcon_core.shell:Skip shell extension 'dsv' for command environment
[1.140s] DEBUG:colcon.colcon_core.event_handler.log_command:Invoking command in '/home/yeon/hardware_monitor/src/relay_bridge': PYTHONPATH=/home/yeon/hardware_monitor/src/relay_bridge/build/relay_bridge/prefix_override:/usr/lib/python3/dist-packages/colcon_core/task/python/colcon_distutils_commands:/home/yeon/hardware_monitor/src/relay_bridge/install/relay_bridge/lib/python3.10/site-packages:${PYTHONPATH} /usr/bin/python3 -W ignore:setup.py install is deprecated -W ignore:easy_install command is deprecated setup.py egg_info --egg-base build/relay_bridge build --build-base /home/yeon/hardware_monitor/src/relay_bridge/build/relay_bridge/build install --record /home/yeon/hardware_monitor/src/relay_bridge/build/relay_bridge/install.log --single-version-externally-managed install_data
[1.266s] DEBUG:colcon.colcon_core.event_handler.log_command:Invoked command in '/home/yeon/hardware_monitor/src/relay_bridge' returned '0': PYTHONPATH=/home/yeon/hardware_monitor/src/relay_bridge/build/relay_bridge/prefix_override:/usr/lib/python3/dist-packages/colcon_core/task/python/colcon_distutils_commands:/home/yeon/hardware_monitor/src/relay_bridge/install/relay_bridge/lib/python3.10/site-packages:${PYTHONPATH} /usr/bin/python3 -W ignore:setup.py install is deprecated -W ignore:easy_install command is deprecated setup.py egg_info --egg-base build/relay_bridge build --build-base /home/yeon/hardware_monitor/src/relay_bridge/build/relay_bridge/build install --record /home/yeon/hardware_monitor/src/relay_bridge/build/relay_bridge/install.log --single-version-externally-managed install_data
[1.270s] Level 1:colcon.colcon_core.environment:checking '/home/yeon/hardware_monitor/src/relay_bridge/install/relay_bridge' for CMake module files
[1.271s] Level 1:colcon.colcon_core.environment:checking '/home/yeon/hardware_monitor/src/relay_bridge/install/relay_bridge' for CMake config files
[1.273s] Level 1:colcon.colcon_core.environment:checking '/home/yeon/hardware_monitor/src/relay_bridge/install/relay_bridge/lib'
[1.273s] Level 1:colcon.colcon_core.environment:checking '/home/yeon/hardware_monitor/src/relay_bridge/install/relay_bridge/bin'
[1.273s] Level 1:colcon.colcon_core.environment:checking '/home/yeon/hardware_monitor/src/relay_bridge/install/relay_bridge/lib/pkgconfig/relay_bridge.pc'
[1.273s] Level 1:colcon.colcon_core.environment:checking '/home/yeon/hardware_monitor/src/relay_bridge/install/relay_bridge/lib/python3.10/site-packages'
[1.273s] Level 1:colcon.colcon_core.shell:create_environment_hook('relay_bridge', 'pythonpath')
[1.273s] INFO:colcon.colcon_core.shell:Creating environment hook '/home/yeon/hardware_monitor/src/relay_bridge/install/relay_bridge/share/relay_bridge/hook/pythonpath.ps1'
[1.273s] INFO:colcon.colcon_core.shell:Creating environment descriptor '/home/yeon/hardware_monitor/src/relay_bridge/install/relay_bridge/share/relay_bridge/hook/pythonpath.dsv'
[1.274s] INFO:colcon.colcon_core.shell:Creating environment hook '/home/yeon/hardware_monitor/src/relay_bridge/install/relay_bridge/share/relay_bridge/hook/pythonpath.sh'
[1.274s] Level 1:colcon.colcon_core.environment:checking '/home/yeon/hardware_monitor/src/relay_bridge/install/relay_bridge/bin'
[1.274s] Level 1:colcon.colcon_core.environment:create_environment_scripts_only(relay_bridge)
[1.274s] INFO:colcon.colcon_core.shell:Creating package script '/home/yeon/hardware_monitor/src/relay_bridge/install/relay_bridge/share/relay_bridge/package.ps1'
[1.275s] INFO:colcon.colcon_core.shell:Creating package descriptor '/home/yeon/hardware_monitor/src/relay_bridge/install/relay_bridge/share/relay_bridge/package.dsv'
[1.275s] INFO:colcon.colcon_core.shell:Creating package script '/home/yeon/hardware_monitor/src/relay_bridge/install/relay_bridge/share/relay_bridge/package.sh'
[1.276s] INFO:colcon.colcon_core.shell:Creating package script '/home/yeon/hardware_monitor/src/relay_bridge/install/relay_bridge/share/relay_bridge/package.bash'
[1.276s] INFO:colcon.colcon_core.shell:Creating package script '/home/yeon/hardware_monitor/src/relay_bridge/install/relay_bridge/share/relay_bridge/package.zsh'
[1.277s] Level 1:colcon.colcon_core.environment:create_file_with_runtime_dependencies(/home/yeon/hardware_monitor/src/relay_bridge/install/relay_bridge/share/colcon-core/packages/relay_bridge)
[1.277s] DEBUG:colcon.colcon_parallel_executor.executor.parallel:closing loop
[1.277s] DEBUG:colcon.colcon_parallel_executor.executor.parallel:loop closed
[1.277s] DEBUG:colcon.colcon_parallel_executor.executor.parallel:run_until_complete finished with '0'
[1.278s] DEBUG:colcon.colcon_core.event_reactor:joining thread
[1.361s] INFO:colcon.colcon_core.plugin_system:Skipping extension 'colcon_notification.desktop_notification.notify_send': Could not find 'notify-send'
[1.361s] INFO:colcon.colcon_core.plugin_system:Skipping extension 'colcon_notification.desktop_notification.terminal_notifier': Not used on non-Darwin systems
[1.361s] INFO:colcon.colcon_core.plugin_system:Skipping extension 'colcon_notification.desktop_notification.win32': Not used on non-Windows systems
[1.361s] INFO:colcon.colcon_notification.desktop_notification:Sending desktop notification using 'notify2'
[1.362s] DEBUG:colcon.colcon_notification.desktop_notification.notify2:Failed to initialize notify2: org.freedesktop.DBus.Error.FileNotFound: Failed to connect to socket /run/user/1000/bus: No such file or directory
[1.362s] DEBUG:colcon.colcon_core.event_reactor:joined thread
[1.362s] INFO:colcon.colcon_core.shell:Creating prefix script '/home/yeon/hardware_monitor/src/relay_bridge/install/local_setup.ps1'
[1.363s] INFO:colcon.colcon_core.shell:Creating prefix util module '/home/yeon/hardware_monitor/src/relay_bridge/install/_local_setup_util_ps1.py'
[1.364s] INFO:colcon.colcon_core.shell:Creating prefix chain script '/home/yeon/hardware_monitor/src/relay_bridge/install/setup.ps1'
[1.364s] INFO:colcon.colcon_core.shell:Creating prefix script '/home/yeon/hardware_monitor/src/relay_bridge/install/local_setup.sh'
[1.365s] INFO:colcon.colcon_core.shell:Creating prefix util module '/home/yeon/hardware_monitor/src/relay_bridge/install/_local_setup_util_sh.py'
[1.365s] INFO:colcon.colcon_core.shell:Creating prefix chain script '/home/yeon/hardware_monitor/src/relay_bridge/install/setup.sh'
[1.366s] INFO:colcon.colcon_core.shell:Creating prefix script '/home/yeon/hardware_monitor/src/relay_bridge/install/local_setup.bash'
[1.366s] INFO:colcon.colcon_core.shell:Creating prefix chain script '/home/yeon/hardware_monitor/src/relay_bridge/install/setup.bash'
[1.367s] INFO:colcon.colcon_core.shell:Creating prefix script '/home/yeon/hardware_monitor/src/relay_bridge/install/local_setup.zsh'
[1.367s] INFO:colcon.colcon_core.shell:Creating prefix chain script '/home/yeon/hardware_monitor/src/relay_bridge/install/setup.zsh'
