[0.386s] Invoking command in '/home/yeon/hardware_monitor/build/hardware_monitor2': PYTHONPATH=/home/yeon/hardware_monitor/build/hardware_monitor2/prefix_override:/usr/lib/python3/dist-packages/colcon_core/task/python/colcon_distutils_commands:/home/yeon/hardware_monitor/install/hardware_monitor2/lib/python3.10/site-packages:${PYTHONPATH} /usr/bin/python3 -W ignore:setup.py install is deprecated -W ignore:easy_install command is deprecated setup.py develop --editable --build-directory /home/yeon/hardware_monitor/build/hardware_monitor2/build --no-deps symlink_data
[0.480s] running develop
[0.499s] /usr/lib/python3/dist-packages/pkg_resources/__init__.py:116: PkgResourcesDeprecationWarning: 1.12.1-git20200711.33e2d80-dfsg1-0.6 is an invalid version and will not be supported in a future release
[0.499s]   warnings.warn(
[0.530s] running egg_info
[0.530s] creating hardware_monitor2.egg-info
[0.530s] writing hardware_monitor2.egg-info/PKG-INFO
[0.530s] writing dependency_links to hardware_monitor2.egg-info/dependency_links.txt
[0.530s] writing entry points to hardware_monitor2.egg-info/entry_points.txt
[0.530s] writing requirements to hardware_monitor2.egg-info/requires.txt
[0.530s] writing top-level names to hardware_monitor2.egg-info/top_level.txt
[0.530s] writing manifest file 'hardware_monitor2.egg-info/SOURCES.txt'
[0.531s] reading manifest file 'hardware_monitor2.egg-info/SOURCES.txt'
[0.532s] writing manifest file 'hardware_monitor2.egg-info/SOURCES.txt'
[0.549s] running build_ext
[0.549s] Creating /home/yeon/hardware_monitor/install/hardware_monitor2/lib/python3.10/site-packages/hardware-monitor2.egg-link (link to .)
[0.549s] Installing add_two_ints script to /home/yeon/hardware_monitor/install/hardware_monitor2/lib/hardware_monitor2
[0.550s] Installing send_hunter script to /home/yeon/hardware_monitor/install/hardware_monitor2/lib/hardware_monitor2
[0.550s] 
[0.550s] Installed /home/yeon/hardware_monitor/build/hardware_monitor2
[0.550s] running symlink_data
[0.550s] creating /home/yeon/hardware_monitor/install/hardware_monitor2/share/ament_index
[0.550s] creating /home/yeon/hardware_monitor/install/hardware_monitor2/share/ament_index/resource_index
[0.550s] creating /home/yeon/hardware_monitor/install/hardware_monitor2/share/ament_index/resource_index/packages
[0.550s] symbolically linking /home/yeon/hardware_monitor/build/hardware_monitor2/resource/hardware_monitor2 -> /home/yeon/hardware_monitor/install/hardware_monitor2/share/ament_index/resource_index/packages
[0.550s] symbolically linking /home/yeon/hardware_monitor/build/hardware_monitor2/package.xml -> /home/yeon/hardware_monitor/install/hardware_monitor2/share/hardware_monitor2
[0.550s] creating /home/yeon/hardware_monitor/install/hardware_monitor2/share/hardware_monitor2/launch
[0.550s] symbolically linking /home/yeon/hardware_monitor/build/hardware_monitor2/launch/launch.py -> /home/yeon/hardware_monitor/install/hardware_monitor2/share/hardware_monitor2/launch
[0.563s] Invoked command in '/home/yeon/hardware_monitor/build/hardware_monitor2' returned '0': PYTHONPATH=/home/yeon/hardware_monitor/build/hardware_monitor2/prefix_override:/usr/lib/python3/dist-packages/colcon_core/task/python/colcon_distutils_commands:/home/yeon/hardware_monitor/install/hardware_monitor2/lib/python3.10/site-packages:${PYTHONPATH} /usr/bin/python3 -W ignore:setup.py install is deprecated -W ignore:easy_install command is deprecated setup.py develop --editable --build-directory /home/yeon/hardware_monitor/build/hardware_monitor2/build --no-deps symlink_data
