[0.007s] Invoking command in '/home/yeon/hardware_monitor/build/hardware_monitor2_interfaces': /usr/bin/cmake /home/yeon/hardware_monitor/src/hardware_monitor2_interfaces -DCATKIN_INSTALL_INTO_PREFIX_ROOT=0 -DCMAKE_INSTALL_PREFIX=/home/yeon/hardware_monitor/install/hardware_monitor2_interfaces
[0.237s] -- The C compiler identification is GNU 11.4.0
[0.859s] -- The CXX compiler identification is GNU 11.4.0
[1.309s] -- Detecting C compiler ABI info
[1.479s] -- Detecting C compiler ABI info - done
[1.481s] -- Check for working C compiler: /usr/bin/cc - skipped
[1.482s] -- Detecting C compile features
[1.482s] -- Detecting C compile features - done
[1.485s] -- Detecting CXX compiler ABI info
[1.634s] -- Detecting CXX compiler ABI info - done
[1.637s] -- Check for working CXX compiler: /usr/bin/c++ - skipped
[1.637s] -- Detecting CXX compile features
[1.637s] -- Detecting CXX compile features - done
[1.642s] -- Found ament_cmake: 1.3.12 (/opt/ros/humble/share/ament_cmake/cmake)
[1.708s] -- Found Python3: /usr/bin/python3 (found version "3.10.12") found components: Interpreter 
[1.764s] -- Found rosidl_default_generators: 1.2.0 (/opt/ros/humble/share/rosidl_default_generators/cmake)
[1.768s] -- Using all available rosidl_typesupport_c: rosidl_typesupport_fastrtps_c;rosidl_typesupport_introspection_c
[1.773s] -- Found rosidl_adapter: 3.1.7 (/opt/ros/humble/share/rosidl_adapter/cmake)
[1.935s] -- Using all available rosidl_typesupport_cpp: rosidl_typesupport_fastrtps_cpp;rosidl_typesupport_introspection_cpp
[2.079s] -- Found ament_cmake_ros: 0.10.0 (/opt/ros/humble/share/ament_cmake_ros/cmake)
[2.161s] -- Using all available rosidl_typesupport_c: rosidl_typesupport_fastrtps_c;rosidl_typesupport_introspection_c
[2.264s] -- Using all available rosidl_typesupport_cpp: rosidl_typesupport_fastrtps_cpp;rosidl_typesupport_introspection_cpp
[2.444s] -- Found PythonInterp: /usr/bin/python3 (found suitable version "3.10.12", minimum required is "3.6") 
[2.445s] -- Found python_cmake_module: 0.10.0 (/opt/ros/humble/share/python_cmake_module/cmake)
[3.043s] -- Found PythonLibs: /usr/lib/x86_64-linux-gnu/libpython3.10.so (found suitable version "3.10.12", minimum required is "3.5") 
[3.043s] -- Using PYTHON_EXECUTABLE: /usr/bin/python3
[3.043s] -- Using PYTHON_INCLUDE_DIRS: /usr/include/python3.10
[3.043s] -- Using PYTHON_LIBRARIES: /usr/lib/x86_64-linux-gnu/libpython3.10.so
[3.052s] -- Found PythonExtra: .so  
[3.132s] -- Configuring done
[3.155s] -- Generating done
[3.156s] [33mCMake Warning:
[3.156s]   Manually-specified variables were not used by the project:
[3.156s] 
[3.156s]     CATKIN_INSTALL_INTO_PREFIX_ROOT
[3.156s] 
[3.156s] [0m
[3.159s] -- Build files have been written to: /home/yeon/hardware_monitor/build/hardware_monitor2_interfaces
[3.164s] Invoked command in '/home/yeon/hardware_monitor/build/hardware_monitor2_interfaces' returned '0': /usr/bin/cmake /home/yeon/hardware_monitor/src/hardware_monitor2_interfaces -DCATKIN_INSTALL_INTO_PREFIX_ROOT=0 -DCMAKE_INSTALL_PREFIX=/home/yeon/hardware_monitor/install/hardware_monitor2_interfaces
[3.165s] Invoking command in '/home/yeon/hardware_monitor/build/hardware_monitor2_interfaces': /usr/bin/cmake --build /home/yeon/hardware_monitor/build/hardware_monitor2_interfaces -- -j16 -l16
[3.181s] [  3%] [34m[1mGenerating C code for ROS interfaces[0m
[3.184s] [  6%] [34m[1mGenerating C++ code for ROS interfaces[0m
[3.187s] [  6%] Built target ament_cmake_python_copy_hardware_monitor2_interfaces
[3.285s] running egg_info
[3.285s] creating hardware_monitor2_interfaces.egg-info
[3.286s] writing hardware_monitor2_interfaces.egg-info/PKG-INFO
[3.286s] writing dependency_links to hardware_monitor2_interfaces.egg-info/dependency_links.txt
[3.286s] writing top-level names to hardware_monitor2_interfaces.egg-info/top_level.txt
[3.286s] writing manifest file 'hardware_monitor2_interfaces.egg-info/SOURCES.txt'
[3.287s] reading manifest file 'hardware_monitor2_interfaces.egg-info/SOURCES.txt'
[3.288s] writing manifest file 'hardware_monitor2_interfaces.egg-info/SOURCES.txt'
[3.303s] [  6%] Built target ament_cmake_python_build_hardware_monitor2_interfaces_egg
[3.312s] [  6%] Built target hardware_monitor2_interfaces__cpp
[3.317s] [ 16%] [34m[1mGenerating C++ type support dispatch for ROS interfaces[0m
[3.317s] [ 16%] [32mBuilding C object CMakeFiles/hardware_monitor2_interfaces__rosidl_generator_c.dir/rosidl_generator_c/hardware_monitor2_interfaces/srv/detail/logging__functions.c.o[0m
[3.317s] [ 16%] [34m[1mGenerating C++ type support for eProsima Fast-RTPS[0m
[3.324s] [ 19%] [34m[1mGenerating C++ introspection for ROS interfaces[0m
[3.372s] [ 22%] [32m[1mLinking C shared library libhardware_monitor2_interfaces__rosidl_generator_c.so[0m
[3.442s] [ 25%] [32mBuilding CXX object CMakeFiles/hardware_monitor2_interfaces__rosidl_typesupport_cpp.dir/rosidl_typesupport_cpp/hardware_monitor2_interfaces/srv/logging__type_support.cpp.o[0m
[3.447s] [ 29%] [32mBuilding CXX object CMakeFiles/hardware_monitor2_interfaces__rosidl_typesupport_fastrtps_cpp.dir/rosidl_typesupport_fastrtps_cpp/hardware_monitor2_interfaces/srv/detail/dds_fastrtps/logging__type_support.cpp.o[0m
[3.450s] [ 32%] [32mBuilding CXX object CMakeFiles/hardware_monitor2_interfaces__rosidl_typesupport_introspection_cpp.dir/rosidl_typesupport_introspection_cpp/hardware_monitor2_interfaces/srv/detail/logging__type_support.cpp.o[0m
[3.512s] [ 32%] Built target hardware_monitor2_interfaces__rosidl_generator_c
[3.515s] [ 41%] [34m[1mGenerating C type support for eProsima Fast-RTPS[0m
[3.515s] [ 41%] [34m[1mGenerating C introspection for ROS interfaces[0m
[3.515s] [ 41%] [34m[1mGenerating C type support dispatch for ROS interfaces[0m
[3.599s] [ 45%] [32m[1mLinking CXX shared library libhardware_monitor2_interfaces__rosidl_typesupport_cpp.so[0m
[3.633s] [ 48%] [32mBuilding CXX object CMakeFiles/hardware_monitor2_interfaces__rosidl_typesupport_c.dir/rosidl_typesupport_c/hardware_monitor2_interfaces/srv/logging__type_support.cpp.o[0m
[3.646s] [ 51%] [32m[1mLinking CXX shared library libhardware_monitor2_interfaces__rosidl_typesupport_c.so[0m
[3.659s] [ 54%] [32mBuilding CXX object CMakeFiles/hardware_monitor2_interfaces__rosidl_typesupport_fastrtps_c.dir/rosidl_typesupport_fastrtps_c/hardware_monitor2_interfaces/srv/detail/logging__type_support_c.cpp.o[0m
[3.662s] [ 58%] [32mBuilding C object CMakeFiles/hardware_monitor2_interfaces__rosidl_typesupport_introspection_c.dir/rosidl_typesupport_introspection_c/hardware_monitor2_interfaces/srv/detail/logging__type_support.c.o[0m
[3.663s] [ 61%] [32m[1mLinking CXX shared library libhardware_monitor2_interfaces__rosidl_typesupport_introspection_cpp.so[0m
[3.668s] [ 64%] [32m[1mLinking CXX shared library libhardware_monitor2_interfaces__rosidl_typesupport_fastrtps_cpp.so[0m
[3.680s] [ 67%] [32m[1mLinking C shared library libhardware_monitor2_interfaces__rosidl_typesupport_introspection_c.so[0m
[3.717s] [ 67%] Built target hardware_monitor2_interfaces__rosidl_typesupport_cpp
[3.759s] [ 67%] Built target hardware_monitor2_interfaces__rosidl_typesupport_c
[3.767s] [ 67%] Built target hardware_monitor2_interfaces__rosidl_typesupport_introspection_cpp
[3.797s] [ 67%] Built target hardware_monitor2_interfaces__rosidl_typesupport_fastrtps_cpp
[3.800s] [ 67%] Built target hardware_monitor2_interfaces__rosidl_typesupport_introspection_c
[3.803s] [ 70%] [32m[1mLinking CXX shared library libhardware_monitor2_interfaces__rosidl_typesupport_fastrtps_c.so[0m
[3.961s] [ 70%] Built target hardware_monitor2_interfaces__rosidl_typesupport_fastrtps_c
[3.968s] [ 70%] Built target hardware_monitor2_interfaces
[3.974s] [ 74%] [34m[1mGenerating Python code for ROS interfaces[0m
[4.131s] [ 74%] Built target hardware_monitor2_interfaces__py
[4.137s] [ 77%] [32mBuilding C object CMakeFiles/hardware_monitor2_interfaces__rosidl_generator_py.dir/rosidl_generator_py/hardware_monitor2_interfaces/srv/_logging_s.c.o[0m
[4.206s] [ 80%] [32m[1mLinking C shared library rosidl_generator_py/hardware_monitor2_interfaces/libhardware_monitor2_interfaces__rosidl_generator_py.so[0m
[4.334s] [ 80%] Built target hardware_monitor2_interfaces__rosidl_generator_py
[4.341s] [ 83%] [32mBuilding C object CMakeFiles/hardware_monitor2_interfaces__rosidl_typesupport_fastrtps_c__pyext.dir/rosidl_generator_py/hardware_monitor2_interfaces/_hardware_monitor2_interfaces_s.ep.rosidl_typesupport_fastrtps_c.c.o[0m
[4.341s] [ 90%] [32mBuilding C object CMakeFiles/hardware_monitor2_interfaces__rosidl_typesupport_c__pyext.dir/rosidl_generator_py/hardware_monitor2_interfaces/_hardware_monitor2_interfaces_s.ep.rosidl_typesupport_c.c.o[0m
[4.341s] [ 90%] [32mBuilding C object CMakeFiles/hardware_monitor2_interfaces__rosidl_typesupport_introspection_c__pyext.dir/rosidl_generator_py/hardware_monitor2_interfaces/_hardware_monitor2_interfaces_s.ep.rosidl_typesupport_introspection_c.c.o[0m
[4.388s] [ 93%] [32m[1mLinking C shared library rosidl_generator_py/hardware_monitor2_interfaces/hardware_monitor2_interfaces_s__rosidl_typesupport_c.cpython-310-x86_64-linux-gnu.so[0m
[4.391s] [ 96%] [32m[1mLinking C shared library rosidl_generator_py/hardware_monitor2_interfaces/hardware_monitor2_interfaces_s__rosidl_typesupport_fastrtps_c.cpython-310-x86_64-linux-gnu.so[0m
[4.392s] [100%] [32m[1mLinking C shared library rosidl_generator_py/hardware_monitor2_interfaces/hardware_monitor2_interfaces_s__rosidl_typesupport_introspection_c.cpython-310-x86_64-linux-gnu.so[0m
[4.458s] [100%] Built target hardware_monitor2_interfaces__rosidl_typesupport_fastrtps_c__pyext
[4.458s] [100%] Built target hardware_monitor2_interfaces__rosidl_typesupport_c__pyext
[4.512s] [100%] Built target hardware_monitor2_interfaces__rosidl_typesupport_introspection_c__pyext
[4.517s] Invoked command in '/home/yeon/hardware_monitor/build/hardware_monitor2_interfaces' returned '0': /usr/bin/cmake --build /home/yeon/hardware_monitor/build/hardware_monitor2_interfaces -- -j16 -l16
[4.521s] Invoking command in '/home/yeon/hardware_monitor/build/hardware_monitor2_interfaces': /usr/bin/cmake --install /home/yeon/hardware_monitor/build/hardware_monitor2_interfaces
[4.523s] -- Install configuration: ""
[4.524s] -- Installing: /home/yeon/hardware_monitor/install/hardware_monitor2_interfaces/share/ament_index/resource_index/rosidl_interfaces/hardware_monitor2_interfaces
[4.524s] -- Installing: /home/yeon/hardware_monitor/install/hardware_monitor2_interfaces/include/hardware_monitor2_interfaces/hardware_monitor2_interfaces
[4.524s] -- Installing: /home/yeon/hardware_monitor/install/hardware_monitor2_interfaces/include/hardware_monitor2_interfaces/hardware_monitor2_interfaces/srv
[4.524s] -- Installing: /home/yeon/hardware_monitor/install/hardware_monitor2_interfaces/include/hardware_monitor2_interfaces/hardware_monitor2_interfaces/srv/logging.h
[4.524s] -- Installing: /home/yeon/hardware_monitor/install/hardware_monitor2_interfaces/include/hardware_monitor2_interfaces/hardware_monitor2_interfaces/srv/detail
[4.524s] -- Installing: /home/yeon/hardware_monitor/install/hardware_monitor2_interfaces/include/hardware_monitor2_interfaces/hardware_monitor2_interfaces/srv/detail/logging__struct.h
[4.525s] -- Installing: /home/yeon/hardware_monitor/install/hardware_monitor2_interfaces/include/hardware_monitor2_interfaces/hardware_monitor2_interfaces/srv/detail/logging__type_support.h
[4.525s] -- Installing: /home/yeon/hardware_monitor/install/hardware_monitor2_interfaces/include/hardware_monitor2_interfaces/hardware_monitor2_interfaces/srv/detail/logging__functions.c
[4.525s] -- Installing: /home/yeon/hardware_monitor/install/hardware_monitor2_interfaces/include/hardware_monitor2_interfaces/hardware_monitor2_interfaces/srv/detail/logging__functions.h
[4.525s] -- Installing: /home/yeon/hardware_monitor/install/hardware_monitor2_interfaces/include/hardware_monitor2_interfaces/hardware_monitor2_interfaces/msg
[4.525s] -- Installing: /home/yeon/hardware_monitor/install/hardware_monitor2_interfaces/include/hardware_monitor2_interfaces/hardware_monitor2_interfaces/msg/rosidl_generator_c__visibility_control.h
[4.525s] -- Installing: /home/yeon/hardware_monitor/install/hardware_monitor2_interfaces/share/hardware_monitor2_interfaces/environment/library_path.sh
[4.525s] -- Installing: /home/yeon/hardware_monitor/install/hardware_monitor2_interfaces/share/hardware_monitor2_interfaces/environment/library_path.dsv
[4.525s] -- Installing: /home/yeon/hardware_monitor/install/hardware_monitor2_interfaces/lib/libhardware_monitor2_interfaces__rosidl_generator_c.so
[4.525s] -- Set runtime path of "/home/yeon/hardware_monitor/install/hardware_monitor2_interfaces/lib/libhardware_monitor2_interfaces__rosidl_generator_c.so" to ""
[4.525s] -- Up-to-date: /home/yeon/hardware_monitor/install/hardware_monitor2_interfaces/include/hardware_monitor2_interfaces/hardware_monitor2_interfaces
[4.525s] -- Up-to-date: /home/yeon/hardware_monitor/install/hardware_monitor2_interfaces/include/hardware_monitor2_interfaces/hardware_monitor2_interfaces/srv
[4.525s] -- Up-to-date: /home/yeon/hardware_monitor/install/hardware_monitor2_interfaces/include/hardware_monitor2_interfaces/hardware_monitor2_interfaces/srv/detail
[4.526s] -- Installing: /home/yeon/hardware_monitor/install/hardware_monitor2_interfaces/include/hardware_monitor2_interfaces/hardware_monitor2_interfaces/srv/detail/logging__rosidl_typesupport_fastrtps_c.h
[4.526s] -- Up-to-date: /home/yeon/hardware_monitor/install/hardware_monitor2_interfaces/include/hardware_monitor2_interfaces/hardware_monitor2_interfaces/msg
[4.526s] -- Installing: /home/yeon/hardware_monitor/install/hardware_monitor2_interfaces/include/hardware_monitor2_interfaces/hardware_monitor2_interfaces/msg/rosidl_typesupport_fastrtps_c__visibility_control.h
[4.526s] -- Installing: /home/yeon/hardware_monitor/install/hardware_monitor2_interfaces/lib/libhardware_monitor2_interfaces__rosidl_typesupport_fastrtps_c.so
[4.526s] -- Set runtime path of "/home/yeon/hardware_monitor/install/hardware_monitor2_interfaces/lib/libhardware_monitor2_interfaces__rosidl_typesupport_fastrtps_c.so" to ""
[4.526s] -- Up-to-date: /home/yeon/hardware_monitor/install/hardware_monitor2_interfaces/include/hardware_monitor2_interfaces/hardware_monitor2_interfaces
[4.526s] -- Up-to-date: /home/yeon/hardware_monitor/install/hardware_monitor2_interfaces/include/hardware_monitor2_interfaces/hardware_monitor2_interfaces/srv
[4.526s] -- Up-to-date: /home/yeon/hardware_monitor/install/hardware_monitor2_interfaces/include/hardware_monitor2_interfaces/hardware_monitor2_interfaces/srv/detail
[4.526s] -- Installing: /home/yeon/hardware_monitor/install/hardware_monitor2_interfaces/include/hardware_monitor2_interfaces/hardware_monitor2_interfaces/srv/detail/logging__type_support.c
[4.526s] -- Installing: /home/yeon/hardware_monitor/install/hardware_monitor2_interfaces/include/hardware_monitor2_interfaces/hardware_monitor2_interfaces/srv/detail/logging__rosidl_typesupport_introspection_c.h
[4.527s] -- Up-to-date: /home/yeon/hardware_monitor/install/hardware_monitor2_interfaces/include/hardware_monitor2_interfaces/hardware_monitor2_interfaces/msg
[4.527s] -- Installing: /home/yeon/hardware_monitor/install/hardware_monitor2_interfaces/include/hardware_monitor2_interfaces/hardware_monitor2_interfaces/msg/rosidl_typesupport_introspection_c__visibility_control.h
[4.527s] -- Installing: /home/yeon/hardware_monitor/install/hardware_monitor2_interfaces/lib/libhardware_monitor2_interfaces__rosidl_typesupport_introspection_c.so
[4.527s] -- Set runtime path of "/home/yeon/hardware_monitor/install/hardware_monitor2_interfaces/lib/libhardware_monitor2_interfaces__rosidl_typesupport_introspection_c.so" to ""
[4.527s] -- Installing: /home/yeon/hardware_monitor/install/hardware_monitor2_interfaces/lib/libhardware_monitor2_interfaces__rosidl_typesupport_c.so
[4.527s] -- Set runtime path of "/home/yeon/hardware_monitor/install/hardware_monitor2_interfaces/lib/libhardware_monitor2_interfaces__rosidl_typesupport_c.so" to ""
[4.527s] -- Up-to-date: /home/yeon/hardware_monitor/install/hardware_monitor2_interfaces/include/hardware_monitor2_interfaces/hardware_monitor2_interfaces
[4.528s] -- Up-to-date: /home/yeon/hardware_monitor/install/hardware_monitor2_interfaces/include/hardware_monitor2_interfaces/hardware_monitor2_interfaces/srv
[4.528s] -- Up-to-date: /home/yeon/hardware_monitor/install/hardware_monitor2_interfaces/include/hardware_monitor2_interfaces/hardware_monitor2_interfaces/srv/detail
[4.528s] -- Installing: /home/yeon/hardware_monitor/install/hardware_monitor2_interfaces/include/hardware_monitor2_interfaces/hardware_monitor2_interfaces/srv/detail/logging__struct.hpp
[4.528s] -- Installing: /home/yeon/hardware_monitor/install/hardware_monitor2_interfaces/include/hardware_monitor2_interfaces/hardware_monitor2_interfaces/srv/detail/logging__traits.hpp
[4.528s] -- Installing: /home/yeon/hardware_monitor/install/hardware_monitor2_interfaces/include/hardware_monitor2_interfaces/hardware_monitor2_interfaces/srv/detail/logging__builder.hpp
[4.528s] -- Installing: /home/yeon/hardware_monitor/install/hardware_monitor2_interfaces/include/hardware_monitor2_interfaces/hardware_monitor2_interfaces/srv/detail/logging__type_support.hpp
[4.528s] -- Installing: /home/yeon/hardware_monitor/install/hardware_monitor2_interfaces/include/hardware_monitor2_interfaces/hardware_monitor2_interfaces/srv/logging.hpp
[4.528s] -- Up-to-date: /home/yeon/hardware_monitor/install/hardware_monitor2_interfaces/include/hardware_monitor2_interfaces/hardware_monitor2_interfaces/msg
[4.528s] -- Installing: /home/yeon/hardware_monitor/install/hardware_monitor2_interfaces/include/hardware_monitor2_interfaces/hardware_monitor2_interfaces/msg/rosidl_generator_cpp__visibility_control.hpp
[4.529s] -- Up-to-date: /home/yeon/hardware_monitor/install/hardware_monitor2_interfaces/include/hardware_monitor2_interfaces/hardware_monitor2_interfaces
[4.529s] -- Up-to-date: /home/yeon/hardware_monitor/install/hardware_monitor2_interfaces/include/hardware_monitor2_interfaces/hardware_monitor2_interfaces/srv
[4.529s] -- Up-to-date: /home/yeon/hardware_monitor/install/hardware_monitor2_interfaces/include/hardware_monitor2_interfaces/hardware_monitor2_interfaces/srv/detail
[4.529s] -- Installing: /home/yeon/hardware_monitor/install/hardware_monitor2_interfaces/include/hardware_monitor2_interfaces/hardware_monitor2_interfaces/srv/detail/dds_fastrtps
[4.529s] -- Installing: /home/yeon/hardware_monitor/install/hardware_monitor2_interfaces/include/hardware_monitor2_interfaces/hardware_monitor2_interfaces/srv/detail/logging__rosidl_typesupport_fastrtps_cpp.hpp
[4.529s] -- Up-to-date: /home/yeon/hardware_monitor/install/hardware_monitor2_interfaces/include/hardware_monitor2_interfaces/hardware_monitor2_interfaces/msg
[4.529s] -- Installing: /home/yeon/hardware_monitor/install/hardware_monitor2_interfaces/include/hardware_monitor2_interfaces/hardware_monitor2_interfaces/msg/rosidl_typesupport_fastrtps_cpp__visibility_control.h
[4.529s] -- Installing: /home/yeon/hardware_monitor/install/hardware_monitor2_interfaces/lib/libhardware_monitor2_interfaces__rosidl_typesupport_fastrtps_cpp.so
[4.529s] -- Set runtime path of "/home/yeon/hardware_monitor/install/hardware_monitor2_interfaces/lib/libhardware_monitor2_interfaces__rosidl_typesupport_fastrtps_cpp.so" to ""
[4.529s] -- Up-to-date: /home/yeon/hardware_monitor/install/hardware_monitor2_interfaces/include/hardware_monitor2_interfaces/hardware_monitor2_interfaces
[4.530s] -- Up-to-date: /home/yeon/hardware_monitor/install/hardware_monitor2_interfaces/include/hardware_monitor2_interfaces/hardware_monitor2_interfaces/srv
[4.530s] -- Up-to-date: /home/yeon/hardware_monitor/install/hardware_monitor2_interfaces/include/hardware_monitor2_interfaces/hardware_monitor2_interfaces/srv/detail
[4.530s] -- Installing: /home/yeon/hardware_monitor/install/hardware_monitor2_interfaces/include/hardware_monitor2_interfaces/hardware_monitor2_interfaces/srv/detail/logging__rosidl_typesupport_introspection_cpp.hpp
[4.530s] -- Installing: /home/yeon/hardware_monitor/install/hardware_monitor2_interfaces/include/hardware_monitor2_interfaces/hardware_monitor2_interfaces/srv/detail/logging__type_support.cpp
[4.530s] -- Installing: /home/yeon/hardware_monitor/install/hardware_monitor2_interfaces/lib/libhardware_monitor2_interfaces__rosidl_typesupport_introspection_cpp.so
[4.530s] -- Set runtime path of "/home/yeon/hardware_monitor/install/hardware_monitor2_interfaces/lib/libhardware_monitor2_interfaces__rosidl_typesupport_introspection_cpp.so" to ""
[4.530s] -- Installing: /home/yeon/hardware_monitor/install/hardware_monitor2_interfaces/lib/libhardware_monitor2_interfaces__rosidl_typesupport_cpp.so
[4.530s] -- Set runtime path of "/home/yeon/hardware_monitor/install/hardware_monitor2_interfaces/lib/libhardware_monitor2_interfaces__rosidl_typesupport_cpp.so" to ""
[4.530s] -- Installing: /home/yeon/hardware_monitor/install/hardware_monitor2_interfaces/share/hardware_monitor2_interfaces/environment/pythonpath.sh
[4.531s] -- Installing: /home/yeon/hardware_monitor/install/hardware_monitor2_interfaces/share/hardware_monitor2_interfaces/environment/pythonpath.dsv
[4.531s] -- Installing: /home/yeon/hardware_monitor/install/hardware_monitor2_interfaces/local/lib/python3.10/dist-packages/hardware_monitor2_interfaces-0.1.0-py3.10.egg-info
[4.531s] -- Installing: /home/yeon/hardware_monitor/install/hardware_monitor2_interfaces/local/lib/python3.10/dist-packages/hardware_monitor2_interfaces-0.1.0-py3.10.egg-info/PKG-INFO
[4.531s] -- Installing: /home/yeon/hardware_monitor/install/hardware_monitor2_interfaces/local/lib/python3.10/dist-packages/hardware_monitor2_interfaces-0.1.0-py3.10.egg-info/SOURCES.txt
[4.531s] -- Installing: /home/yeon/hardware_monitor/install/hardware_monitor2_interfaces/local/lib/python3.10/dist-packages/hardware_monitor2_interfaces-0.1.0-py3.10.egg-info/top_level.txt
[4.531s] -- Installing: /home/yeon/hardware_monitor/install/hardware_monitor2_interfaces/local/lib/python3.10/dist-packages/hardware_monitor2_interfaces-0.1.0-py3.10.egg-info/dependency_links.txt
[4.531s] -- Installing: /home/yeon/hardware_monitor/install/hardware_monitor2_interfaces/local/lib/python3.10/dist-packages/hardware_monitor2_interfaces
[4.531s] -- Installing: /home/yeon/hardware_monitor/install/hardware_monitor2_interfaces/local/lib/python3.10/dist-packages/hardware_monitor2_interfaces/_hardware_monitor2_interfaces_s.ep.rosidl_typesupport_c.c
[4.531s] -- Installing: /home/yeon/hardware_monitor/install/hardware_monitor2_interfaces/local/lib/python3.10/dist-packages/hardware_monitor2_interfaces/libhardware_monitor2_interfaces__rosidl_generator_py.so
[4.531s] -- Installing: /home/yeon/hardware_monitor/install/hardware_monitor2_interfaces/local/lib/python3.10/dist-packages/hardware_monitor2_interfaces/srv
[4.531s] -- Installing: /home/yeon/hardware_monitor/install/hardware_monitor2_interfaces/local/lib/python3.10/dist-packages/hardware_monitor2_interfaces/srv/_logging_s.c
[4.531s] -- Installing: /home/yeon/hardware_monitor/install/hardware_monitor2_interfaces/local/lib/python3.10/dist-packages/hardware_monitor2_interfaces/srv/__init__.py
[4.531s] -- Installing: /home/yeon/hardware_monitor/install/hardware_monitor2_interfaces/local/lib/python3.10/dist-packages/hardware_monitor2_interfaces/srv/_logging.py
[4.531s] -- Installing: /home/yeon/hardware_monitor/install/hardware_monitor2_interfaces/local/lib/python3.10/dist-packages/hardware_monitor2_interfaces/__init__.py
[4.531s] -- Installing: /home/yeon/hardware_monitor/install/hardware_monitor2_interfaces/local/lib/python3.10/dist-packages/hardware_monitor2_interfaces/hardware_monitor2_interfaces_s__rosidl_typesupport_c.cpython-310-x86_64-linux-gnu.so
[4.531s] -- Installing: /home/yeon/hardware_monitor/install/hardware_monitor2_interfaces/local/lib/python3.10/dist-packages/hardware_monitor2_interfaces/hardware_monitor2_interfaces_s__rosidl_typesupport_introspection_c.cpython-310-x86_64-linux-gnu.so
[4.531s] -- Installing: /home/yeon/hardware_monitor/install/hardware_monitor2_interfaces/local/lib/python3.10/dist-packages/hardware_monitor2_interfaces/_hardware_monitor2_interfaces_s.ep.rosidl_typesupport_fastrtps_c.c
[4.531s] -- Installing: /home/yeon/hardware_monitor/install/hardware_monitor2_interfaces/local/lib/python3.10/dist-packages/hardware_monitor2_interfaces/_hardware_monitor2_interfaces_s.ep.rosidl_typesupport_introspection_c.c
[4.531s] -- Installing: /home/yeon/hardware_monitor/install/hardware_monitor2_interfaces/local/lib/python3.10/dist-packages/hardware_monitor2_interfaces/hardware_monitor2_interfaces_s__rosidl_typesupport_fastrtps_c.cpython-310-x86_64-linux-gnu.so
[4.544s] Listing '/home/yeon/hardware_monitor/install/hardware_monitor2_interfaces/local/lib/python3.10/dist-packages/hardware_monitor2_interfaces'...
[4.544s] Compiling '/home/yeon/hardware_monitor/install/hardware_monitor2_interfaces/local/lib/python3.10/dist-packages/hardware_monitor2_interfaces/__init__.py'...
[4.544s] Listing '/home/yeon/hardware_monitor/install/hardware_monitor2_interfaces/local/lib/python3.10/dist-packages/hardware_monitor2_interfaces/srv'...
[4.544s] Compiling '/home/yeon/hardware_monitor/install/hardware_monitor2_interfaces/local/lib/python3.10/dist-packages/hardware_monitor2_interfaces/srv/__init__.py'...
[4.544s] Compiling '/home/yeon/hardware_monitor/install/hardware_monitor2_interfaces/local/lib/python3.10/dist-packages/hardware_monitor2_interfaces/srv/_logging.py'...
[4.546s] -- Installing: /home/yeon/hardware_monitor/install/hardware_monitor2_interfaces/local/lib/python3.10/dist-packages/hardware_monitor2_interfaces/hardware_monitor2_interfaces_s__rosidl_typesupport_fastrtps_c.cpython-310-x86_64-linux-gnu.so
[4.546s] -- Set runtime path of "/home/yeon/hardware_monitor/install/hardware_monitor2_interfaces/local/lib/python3.10/dist-packages/hardware_monitor2_interfaces/hardware_monitor2_interfaces_s__rosidl_typesupport_fastrtps_c.cpython-310-x86_64-linux-gnu.so" to ""
[4.546s] -- Installing: /home/yeon/hardware_monitor/install/hardware_monitor2_interfaces/local/lib/python3.10/dist-packages/hardware_monitor2_interfaces/hardware_monitor2_interfaces_s__rosidl_typesupport_introspection_c.cpython-310-x86_64-linux-gnu.so
[4.547s] -- Set runtime path of "/home/yeon/hardware_monitor/install/hardware_monitor2_interfaces/local/lib/python3.10/dist-packages/hardware_monitor2_interfaces/hardware_monitor2_interfaces_s__rosidl_typesupport_introspection_c.cpython-310-x86_64-linux-gnu.so" to ""
[4.547s] -- Installing: /home/yeon/hardware_monitor/install/hardware_monitor2_interfaces/local/lib/python3.10/dist-packages/hardware_monitor2_interfaces/hardware_monitor2_interfaces_s__rosidl_typesupport_c.cpython-310-x86_64-linux-gnu.so
[4.547s] -- Set runtime path of "/home/yeon/hardware_monitor/install/hardware_monitor2_interfaces/local/lib/python3.10/dist-packages/hardware_monitor2_interfaces/hardware_monitor2_interfaces_s__rosidl_typesupport_c.cpython-310-x86_64-linux-gnu.so" to ""
[4.547s] -- Installing: /home/yeon/hardware_monitor/install/hardware_monitor2_interfaces/lib/libhardware_monitor2_interfaces__rosidl_generator_py.so
[4.547s] -- Set runtime path of "/home/yeon/hardware_monitor/install/hardware_monitor2_interfaces/lib/libhardware_monitor2_interfaces__rosidl_generator_py.so" to ""
[4.547s] -- Installing: /home/yeon/hardware_monitor/install/hardware_monitor2_interfaces/share/hardware_monitor2_interfaces/srv/Logging.idl
[4.547s] -- Installing: /home/yeon/hardware_monitor/install/hardware_monitor2_interfaces/share/hardware_monitor2_interfaces/srv/Logging.srv
[4.547s] -- Installing: /home/yeon/hardware_monitor/install/hardware_monitor2_interfaces/share/hardware_monitor2_interfaces/srv/Logging_Request.msg
[4.547s] -- Installing: /home/yeon/hardware_monitor/install/hardware_monitor2_interfaces/share/hardware_monitor2_interfaces/srv/Logging_Response.msg
[4.547s] -- Installing: /home/yeon/hardware_monitor/install/hardware_monitor2_interfaces/share/ament_index/resource_index/package_run_dependencies/hardware_monitor2_interfaces
[4.548s] -- Installing: /home/yeon/hardware_monitor/install/hardware_monitor2_interfaces/share/ament_index/resource_index/parent_prefix_path/hardware_monitor2_interfaces
[4.548s] -- Installing: /home/yeon/hardware_monitor/install/hardware_monitor2_interfaces/share/hardware_monitor2_interfaces/environment/ament_prefix_path.sh
[4.548s] -- Installing: /home/yeon/hardware_monitor/install/hardware_monitor2_interfaces/share/hardware_monitor2_interfaces/environment/ament_prefix_path.dsv
[4.548s] -- Installing: /home/yeon/hardware_monitor/install/hardware_monitor2_interfaces/share/hardware_monitor2_interfaces/environment/path.sh
[4.548s] -- Installing: /home/yeon/hardware_monitor/install/hardware_monitor2_interfaces/share/hardware_monitor2_interfaces/environment/path.dsv
[4.548s] -- Installing: /home/yeon/hardware_monitor/install/hardware_monitor2_interfaces/share/hardware_monitor2_interfaces/local_setup.bash
[4.548s] -- Installing: /home/yeon/hardware_monitor/install/hardware_monitor2_interfaces/share/hardware_monitor2_interfaces/local_setup.sh
[4.548s] -- Installing: /home/yeon/hardware_monitor/install/hardware_monitor2_interfaces/share/hardware_monitor2_interfaces/local_setup.zsh
[4.548s] -- Installing: /home/yeon/hardware_monitor/install/hardware_monitor2_interfaces/share/hardware_monitor2_interfaces/local_setup.dsv
[4.548s] -- Installing: /home/yeon/hardware_monitor/install/hardware_monitor2_interfaces/share/hardware_monitor2_interfaces/package.dsv
[4.548s] -- Installing: /home/yeon/hardware_monitor/install/hardware_monitor2_interfaces/share/ament_index/resource_index/packages/hardware_monitor2_interfaces
[4.549s] -- Installing: /home/yeon/hardware_monitor/install/hardware_monitor2_interfaces/share/hardware_monitor2_interfaces/cmake/export_hardware_monitor2_interfaces__rosidl_generator_cExport.cmake
[4.549s] -- Installing: /home/yeon/hardware_monitor/install/hardware_monitor2_interfaces/share/hardware_monitor2_interfaces/cmake/export_hardware_monitor2_interfaces__rosidl_generator_cExport-noconfig.cmake
[4.549s] -- Installing: /home/yeon/hardware_monitor/install/hardware_monitor2_interfaces/share/hardware_monitor2_interfaces/cmake/export_hardware_monitor2_interfaces__rosidl_typesupport_fastrtps_cExport.cmake
[4.549s] -- Installing: /home/yeon/hardware_monitor/install/hardware_monitor2_interfaces/share/hardware_monitor2_interfaces/cmake/export_hardware_monitor2_interfaces__rosidl_typesupport_fastrtps_cExport-noconfig.cmake
[4.549s] -- Installing: /home/yeon/hardware_monitor/install/hardware_monitor2_interfaces/share/hardware_monitor2_interfaces/cmake/hardware_monitor2_interfaces__rosidl_typesupport_introspection_cExport.cmake
[4.549s] -- Installing: /home/yeon/hardware_monitor/install/hardware_monitor2_interfaces/share/hardware_monitor2_interfaces/cmake/hardware_monitor2_interfaces__rosidl_typesupport_introspection_cExport-noconfig.cmake
[4.549s] -- Installing: /home/yeon/hardware_monitor/install/hardware_monitor2_interfaces/share/hardware_monitor2_interfaces/cmake/hardware_monitor2_interfaces__rosidl_typesupport_cExport.cmake
[4.549s] -- Installing: /home/yeon/hardware_monitor/install/hardware_monitor2_interfaces/share/hardware_monitor2_interfaces/cmake/hardware_monitor2_interfaces__rosidl_typesupport_cExport-noconfig.cmake
[4.549s] -- Installing: /home/yeon/hardware_monitor/install/hardware_monitor2_interfaces/share/hardware_monitor2_interfaces/cmake/export_hardware_monitor2_interfaces__rosidl_generator_cppExport.cmake
[4.549s] -- Installing: /home/yeon/hardware_monitor/install/hardware_monitor2_interfaces/share/hardware_monitor2_interfaces/cmake/export_hardware_monitor2_interfaces__rosidl_typesupport_fastrtps_cppExport.cmake
[4.549s] -- Installing: /home/yeon/hardware_monitor/install/hardware_monitor2_interfaces/share/hardware_monitor2_interfaces/cmake/export_hardware_monitor2_interfaces__rosidl_typesupport_fastrtps_cppExport-noconfig.cmake
[4.550s] -- Installing: /home/yeon/hardware_monitor/install/hardware_monitor2_interfaces/share/hardware_monitor2_interfaces/cmake/hardware_monitor2_interfaces__rosidl_typesupport_introspection_cppExport.cmake
[4.550s] -- Installing: /home/yeon/hardware_monitor/install/hardware_monitor2_interfaces/share/hardware_monitor2_interfaces/cmake/hardware_monitor2_interfaces__rosidl_typesupport_introspection_cppExport-noconfig.cmake
[4.550s] -- Installing: /home/yeon/hardware_monitor/install/hardware_monitor2_interfaces/share/hardware_monitor2_interfaces/cmake/hardware_monitor2_interfaces__rosidl_typesupport_cppExport.cmake
[4.550s] -- Installing: /home/yeon/hardware_monitor/install/hardware_monitor2_interfaces/share/hardware_monitor2_interfaces/cmake/hardware_monitor2_interfaces__rosidl_typesupport_cppExport-noconfig.cmake
[4.550s] -- Installing: /home/yeon/hardware_monitor/install/hardware_monitor2_interfaces/share/hardware_monitor2_interfaces/cmake/export_hardware_monitor2_interfaces__rosidl_generator_pyExport.cmake
[4.550s] -- Installing: /home/yeon/hardware_monitor/install/hardware_monitor2_interfaces/share/hardware_monitor2_interfaces/cmake/export_hardware_monitor2_interfaces__rosidl_generator_pyExport-noconfig.cmake
[4.550s] -- Installing: /home/yeon/hardware_monitor/install/hardware_monitor2_interfaces/share/hardware_monitor2_interfaces/cmake/rosidl_cmake-extras.cmake
[4.550s] -- Installing: /home/yeon/hardware_monitor/install/hardware_monitor2_interfaces/share/hardware_monitor2_interfaces/cmake/ament_cmake_export_include_directories-extras.cmake
[4.550s] -- Installing: /home/yeon/hardware_monitor/install/hardware_monitor2_interfaces/share/hardware_monitor2_interfaces/cmake/ament_cmake_export_libraries-extras.cmake
[4.550s] -- Installing: /home/yeon/hardware_monitor/install/hardware_monitor2_interfaces/share/hardware_monitor2_interfaces/cmake/ament_cmake_export_targets-extras.cmake
[4.550s] -- Installing: /home/yeon/hardware_monitor/install/hardware_monitor2_interfaces/share/hardware_monitor2_interfaces/cmake/rosidl_cmake_export_typesupport_targets-extras.cmake
[4.551s] -- Installing: /home/yeon/hardware_monitor/install/hardware_monitor2_interfaces/share/hardware_monitor2_interfaces/cmake/ament_cmake_export_dependencies-extras.cmake
[4.551s] -- Installing: /home/yeon/hardware_monitor/install/hardware_monitor2_interfaces/share/hardware_monitor2_interfaces/cmake/rosidl_cmake_export_typesupport_libraries-extras.cmake
[4.551s] -- Installing: /home/yeon/hardware_monitor/install/hardware_monitor2_interfaces/share/hardware_monitor2_interfaces/cmake/hardware_monitor2_interfacesConfig.cmake
[4.551s] -- Installing: /home/yeon/hardware_monitor/install/hardware_monitor2_interfaces/share/hardware_monitor2_interfaces/cmake/hardware_monitor2_interfacesConfig-version.cmake
[4.551s] -- Installing: /home/yeon/hardware_monitor/install/hardware_monitor2_interfaces/share/hardware_monitor2_interfaces/package.xml
[4.552s] Invoked command in '/home/yeon/hardware_monitor/build/hardware_monitor2_interfaces' returned '0': /usr/bin/cmake --install /home/yeon/hardware_monitor/build/hardware_monitor2_interfaces
