[0.246s] DEBUG:colcon:Command line arguments: ['/usr/bin/colcon', 'build', '--packages-select', 'hardware_monitor2', '--symlink-install']
[0.246s] DEBUG:colcon:Parsed command line arguments: Namespace(log_base=None, log_level=None, verb_name='build', build_base='build', install_base='install', merge_install=False, symlink_install=True, test_result_base=None, continue_on_error=False, executor='parallel', parallel_workers=16, event_handlers=None, ignore_user_meta=False, metas=['./colcon.meta'], base_paths=['.'], packages_ignore=None, packages_ignore_regex=None, paths=None, packages_up_to=None, packages_up_to_regex=None, packages_above=None, packages_above_and_dependencies=None, packages_above_depth=None, packages_select_by_dep=None, packages_skip_by_dep=None, packages_skip_up_to=None, packages_select_build_failed=False, packages_skip_build_finished=False, packages_select_test_failures=False, packages_skip_test_passed=False, packages_select=['hardware_monitor2'], packages_skip=None, packages_select_regex=None, packages_skip_regex=None, packages_start=None, packages_end=None, allow_overriding=[], cmake_args=None, cmake_target=None, cmake_target_skip_unavailable=False, cmake_clean_cache=False, cmake_clean_first=False, cmake_force_configure=False, ament_cmake_args=None, catkin_cmake_args=None, catkin_skip_building_tests=False, verb_parser=<colcon_defaults.argument_parser.defaults.DefaultArgumentsDecorator object at 0x7fb28a521570>, verb_extension=<colcon_core.verb.build.BuildVerb object at 0x7fb28a520fa0>, main=<bound method BuildVerb.main of <colcon_core.verb.build.BuildVerb object at 0x7fb28a520fa0>>)
[0.459s] Level 1:colcon.colcon_core.package_discovery:discover_packages(colcon_meta) check parameters
[0.459s] Level 1:colcon.colcon_core.package_discovery:discover_packages(recursive) check parameters
[0.460s] Level 1:colcon.colcon_core.package_discovery:discover_packages(ignore) check parameters
[0.460s] Level 1:colcon.colcon_core.package_discovery:discover_packages(path) check parameters
[0.460s] Level 1:colcon.colcon_core.package_discovery:discover_packages(colcon_meta) discover
[0.460s] Level 1:colcon.colcon_core.package_discovery:discover_packages(recursive) discover
[0.460s] INFO:colcon.colcon_core.package_discovery:Crawling recursively for packages in '/home/yeon/hardware_monitor'
[0.460s] Level 1:colcon.colcon_core.package_identification:_identify(.) by extensions ['ignore', 'ignore_ament_install']
[0.460s] Level 1:colcon.colcon_core.package_identification:_identify(.) by extension 'ignore'
[0.460s] Level 1:colcon.colcon_core.package_identification:_identify(.) by extension 'ignore_ament_install'
[0.460s] Level 1:colcon.colcon_core.package_identification:_identify(.) by extensions ['colcon_pkg']
[0.460s] Level 1:colcon.colcon_core.package_identification:_identify(.) by extension 'colcon_pkg'
[0.460s] Level 1:colcon.colcon_core.package_identification:_identify(.) by extensions ['colcon_meta']
[0.460s] Level 1:colcon.colcon_core.package_identification:_identify(.) by extension 'colcon_meta'
[0.460s] Level 1:colcon.colcon_core.package_identification:_identify(.) by extensions ['ros']
[0.460s] Level 1:colcon.colcon_core.package_identification:_identify(.) by extension 'ros'
[0.468s] Level 1:colcon.colcon_core.package_identification:_identify(.) by extensions ['cmake', 'python']
[0.468s] Level 1:colcon.colcon_core.package_identification:_identify(.) by extension 'cmake'
[0.468s] Level 1:colcon.colcon_core.package_identification:_identify(.) by extension 'python'
[0.468s] Level 1:colcon.colcon_core.package_identification:_identify(.) by extensions ['python_setup_py']
[0.468s] Level 1:colcon.colcon_core.package_identification:_identify(.) by extension 'python_setup_py'
[0.468s] Level 1:colcon.colcon_core.package_identification:_identify(build) by extensions ['ignore', 'ignore_ament_install']
[0.468s] Level 1:colcon.colcon_core.package_identification:_identify(build) by extension 'ignore'
[0.468s] Level 1:colcon.colcon_core.package_identification:_identify(build) ignored
[0.468s] Level 1:colcon.colcon_core.package_identification:_identify(install) by extensions ['ignore', 'ignore_ament_install']
[0.468s] Level 1:colcon.colcon_core.package_identification:_identify(install) by extension 'ignore'
[0.468s] Level 1:colcon.colcon_core.package_identification:_identify(install) ignored
[0.468s] Level 1:colcon.colcon_core.package_identification:_identify(log) by extensions ['ignore', 'ignore_ament_install']
[0.468s] Level 1:colcon.colcon_core.package_identification:_identify(log) by extension 'ignore'
[0.468s] Level 1:colcon.colcon_core.package_identification:_identify(log) ignored
[0.468s] Level 1:colcon.colcon_core.package_identification:_identify(src) by extensions ['ignore', 'ignore_ament_install']
[0.468s] Level 1:colcon.colcon_core.package_identification:_identify(src) by extension 'ignore'
[0.469s] Level 1:colcon.colcon_core.package_identification:_identify(src) by extension 'ignore_ament_install'
[0.469s] Level 1:colcon.colcon_core.package_identification:_identify(src) by extensions ['colcon_pkg']
[0.469s] Level 1:colcon.colcon_core.package_identification:_identify(src) by extension 'colcon_pkg'
[0.469s] Level 1:colcon.colcon_core.package_identification:_identify(src) by extensions ['colcon_meta']
[0.469s] Level 1:colcon.colcon_core.package_identification:_identify(src) by extension 'colcon_meta'
[0.469s] Level 1:colcon.colcon_core.package_identification:_identify(src) by extensions ['ros']
[0.469s] Level 1:colcon.colcon_core.package_identification:_identify(src) by extension 'ros'
[0.469s] Level 1:colcon.colcon_core.package_identification:_identify(src) by extensions ['cmake', 'python']
[0.469s] Level 1:colcon.colcon_core.package_identification:_identify(src) by extension 'cmake'
[0.469s] Level 1:colcon.colcon_core.package_identification:_identify(src) by extension 'python'
[0.469s] Level 1:colcon.colcon_core.package_identification:_identify(src) by extensions ['python_setup_py']
[0.469s] Level 1:colcon.colcon_core.package_identification:_identify(src) by extension 'python_setup_py'
[0.469s] Level 1:colcon.colcon_core.package_identification:_identify(src/hardware_monitor2) by extensions ['ignore', 'ignore_ament_install']
[0.469s] Level 1:colcon.colcon_core.package_identification:_identify(src/hardware_monitor2) by extension 'ignore'
[0.469s] Level 1:colcon.colcon_core.package_identification:_identify(src/hardware_monitor2) by extension 'ignore_ament_install'
[0.469s] Level 1:colcon.colcon_core.package_identification:_identify(src/hardware_monitor2) by extensions ['colcon_pkg']
[0.469s] Level 1:colcon.colcon_core.package_identification:_identify(src/hardware_monitor2) by extension 'colcon_pkg'
[0.469s] Level 1:colcon.colcon_core.package_identification:_identify(src/hardware_monitor2) by extensions ['colcon_meta']
[0.469s] Level 1:colcon.colcon_core.package_identification:_identify(src/hardware_monitor2) by extension 'colcon_meta'
[0.469s] Level 1:colcon.colcon_core.package_identification:_identify(src/hardware_monitor2) by extensions ['ros']
[0.469s] Level 1:colcon.colcon_core.package_identification:_identify(src/hardware_monitor2) by extension 'ros'
[0.471s] DEBUG:colcon.colcon_core.package_identification:Package 'src/hardware_monitor2' with type 'ros.ament_python' and name 'hardware_monitor2'
[0.471s] Level 1:colcon.colcon_core.package_identification:_identify(src/hardware_monitor2_interfaces) by extensions ['ignore', 'ignore_ament_install']
[0.471s] Level 1:colcon.colcon_core.package_identification:_identify(src/hardware_monitor2_interfaces) by extension 'ignore'
[0.471s] Level 1:colcon.colcon_core.package_identification:_identify(src/hardware_monitor2_interfaces) by extension 'ignore_ament_install'
[0.471s] Level 1:colcon.colcon_core.package_identification:_identify(src/hardware_monitor2_interfaces) by extensions ['colcon_pkg']
[0.471s] Level 1:colcon.colcon_core.package_identification:_identify(src/hardware_monitor2_interfaces) by extension 'colcon_pkg'
[0.471s] Level 1:colcon.colcon_core.package_identification:_identify(src/hardware_monitor2_interfaces) by extensions ['colcon_meta']
[0.471s] Level 1:colcon.colcon_core.package_identification:_identify(src/hardware_monitor2_interfaces) by extension 'colcon_meta'
[0.471s] Level 1:colcon.colcon_core.package_identification:_identify(src/hardware_monitor2_interfaces) by extensions ['ros']
[0.471s] Level 1:colcon.colcon_core.package_identification:_identify(src/hardware_monitor2_interfaces) by extension 'ros'
[0.472s] DEBUG:colcon.colcon_core.package_identification:Package 'src/hardware_monitor2_interfaces' with type 'ros.catkin' and name 'hardware_monitor2_interfaces'
[0.472s] Level 1:colcon.colcon_core.package_identification:_identify(src/tf2_web_republisher_py) by extensions ['ignore', 'ignore_ament_install']
[0.472s] Level 1:colcon.colcon_core.package_identification:_identify(src/tf2_web_republisher_py) by extension 'ignore'
[0.472s] Level 1:colcon.colcon_core.package_identification:_identify(src/tf2_web_republisher_py) by extension 'ignore_ament_install'
[0.472s] Level 1:colcon.colcon_core.package_identification:_identify(src/tf2_web_republisher_py) by extensions ['colcon_pkg']
[0.472s] Level 1:colcon.colcon_core.package_identification:_identify(src/tf2_web_republisher_py) by extension 'colcon_pkg'
[0.472s] Level 1:colcon.colcon_core.package_identification:_identify(src/tf2_web_republisher_py) by extensions ['colcon_meta']
[0.472s] Level 1:colcon.colcon_core.package_identification:_identify(src/tf2_web_republisher_py) by extension 'colcon_meta'
[0.472s] Level 1:colcon.colcon_core.package_identification:_identify(src/tf2_web_republisher_py) by extensions ['ros']
[0.472s] Level 1:colcon.colcon_core.package_identification:_identify(src/tf2_web_republisher_py) by extension 'ros'
[0.472s] Level 1:colcon.colcon_core.package_identification:_identify(src/tf2_web_republisher_py) by extensions ['cmake', 'python']
[0.472s] Level 1:colcon.colcon_core.package_identification:_identify(src/tf2_web_republisher_py) by extension 'cmake'
[0.472s] Level 1:colcon.colcon_core.package_identification:_identify(src/tf2_web_republisher_py) by extension 'python'
[0.472s] Level 1:colcon.colcon_core.package_identification:_identify(src/tf2_web_republisher_py) by extensions ['python_setup_py']
[0.472s] Level 1:colcon.colcon_core.package_identification:_identify(src/tf2_web_republisher_py) by extension 'python_setup_py'
[0.472s] Level 1:colcon.colcon_core.package_identification:_identify(src/tf2_web_republisher_py/tf2_web_republisher) by extensions ['ignore', 'ignore_ament_install']
[0.472s] Level 1:colcon.colcon_core.package_identification:_identify(src/tf2_web_republisher_py/tf2_web_republisher) by extension 'ignore'
[0.472s] Level 1:colcon.colcon_core.package_identification:_identify(src/tf2_web_republisher_py/tf2_web_republisher) by extension 'ignore_ament_install'
[0.472s] Level 1:colcon.colcon_core.package_identification:_identify(src/tf2_web_republisher_py/tf2_web_republisher) by extensions ['colcon_pkg']
[0.472s] Level 1:colcon.colcon_core.package_identification:_identify(src/tf2_web_republisher_py/tf2_web_republisher) by extension 'colcon_pkg'
[0.472s] Level 1:colcon.colcon_core.package_identification:_identify(src/tf2_web_republisher_py/tf2_web_republisher) by extensions ['colcon_meta']
[0.472s] Level 1:colcon.colcon_core.package_identification:_identify(src/tf2_web_republisher_py/tf2_web_republisher) by extension 'colcon_meta'
[0.472s] Level 1:colcon.colcon_core.package_identification:_identify(src/tf2_web_republisher_py/tf2_web_republisher) by extensions ['ros']
[0.472s] Level 1:colcon.colcon_core.package_identification:_identify(src/tf2_web_republisher_py/tf2_web_republisher) by extension 'ros'
[0.473s] DEBUG:colcon.colcon_core.package_identification:Package 'src/tf2_web_republisher_py/tf2_web_republisher' with type 'ros.ament_cmake' and name 'tf2_web_republisher'
[0.473s] Level 1:colcon.colcon_core.package_identification:_identify(src/tf2_web_republisher_py/tf2_web_republisher_py) by extensions ['ignore', 'ignore_ament_install']
[0.473s] Level 1:colcon.colcon_core.package_identification:_identify(src/tf2_web_republisher_py/tf2_web_republisher_py) by extension 'ignore'
[0.473s] Level 1:colcon.colcon_core.package_identification:_identify(src/tf2_web_republisher_py/tf2_web_republisher_py) by extension 'ignore_ament_install'
[0.473s] Level 1:colcon.colcon_core.package_identification:_identify(src/tf2_web_republisher_py/tf2_web_republisher_py) by extensions ['colcon_pkg']
[0.473s] Level 1:colcon.colcon_core.package_identification:_identify(src/tf2_web_republisher_py/tf2_web_republisher_py) by extension 'colcon_pkg'
[0.473s] Level 1:colcon.colcon_core.package_identification:_identify(src/tf2_web_republisher_py/tf2_web_republisher_py) by extensions ['colcon_meta']
[0.473s] Level 1:colcon.colcon_core.package_identification:_identify(src/tf2_web_republisher_py/tf2_web_republisher_py) by extension 'colcon_meta'
[0.473s] Level 1:colcon.colcon_core.package_identification:_identify(src/tf2_web_republisher_py/tf2_web_republisher_py) by extensions ['ros']
[0.473s] Level 1:colcon.colcon_core.package_identification:_identify(src/tf2_web_republisher_py/tf2_web_republisher_py) by extension 'ros'
[0.474s] DEBUG:colcon.colcon_core.package_identification:Package 'src/tf2_web_republisher_py/tf2_web_republisher_py' with type 'ros.ament_python' and name 'tf2_web_republisher_py'
[0.474s] Level 1:colcon.colcon_core.package_discovery:discover_packages(recursive) using defaults
[0.474s] Level 1:colcon.colcon_core.package_discovery:discover_packages(ignore) discover
[0.474s] Level 1:colcon.colcon_core.package_discovery:discover_packages(ignore) using defaults
[0.474s] Level 1:colcon.colcon_core.package_discovery:discover_packages(path) discover
[0.474s] Level 1:colcon.colcon_core.package_discovery:discover_packages(path) using defaults
[0.498s] INFO:colcon.colcon_core.package_selection:Skipping not selected package 'hardware_monitor2_interfaces' in 'src/hardware_monitor2_interfaces'
[0.498s] INFO:colcon.colcon_core.package_selection:Skipping not selected package 'tf2_web_republisher' in 'src/tf2_web_republisher_py/tf2_web_republisher'
[0.498s] INFO:colcon.colcon_core.package_selection:Skipping not selected package 'tf2_web_republisher_py' in 'src/tf2_web_republisher_py/tf2_web_republisher_py'
[0.499s] Level 1:colcon.colcon_core.package_discovery:discover_packages(prefix_path) check parameters
[0.499s] Level 1:colcon.colcon_core.package_discovery:discover_packages(prefix_path) discover
[0.500s] WARNING:colcon.colcon_ros.prefix_path.ament:The path '/home/yeon/hardware_monitor/install/tf2_web_republisher_py' in the environment variable AMENT_PREFIX_PATH doesn't exist
[0.500s] WARNING:colcon.colcon_ros.prefix_path.ament:The path '/home/yeon/hardware_monitor/install/tf2_web_republisher_interfaces' in the environment variable AMENT_PREFIX_PATH doesn't exist
[0.500s] WARNING:colcon.colcon_ros.prefix_path.ament:The path '/home/yeon/hardware_monitor/install/tf2_web_republisher' in the environment variable AMENT_PREFIX_PATH doesn't exist
[0.501s] WARNING:colcon.colcon_ros.prefix_path.ament:The path '/home/yeon/hardware_monitor/install/hardware_monitor2' in the environment variable AMENT_PREFIX_PATH doesn't exist
[0.501s] WARNING:colcon.colcon_ros.prefix_path.catkin:The path '/home/yeon/hardware_monitor/install/tf2_web_republisher_interfaces' in the environment variable CMAKE_PREFIX_PATH doesn't exist
[0.501s] WARNING:colcon.colcon_ros.prefix_path.catkin:The path '/home/yeon/hardware_monitor/install/tf2_web_republisher' in the environment variable CMAKE_PREFIX_PATH doesn't exist
[0.502s] DEBUG:colcon.colcon_installed_package_information.package_discovery:Found 1 installed packages in /home/yeon/hardware_monitor/install
[0.502s] DEBUG:colcon.colcon_installed_package_information.package_discovery:Found 276 installed packages in /opt/ros/humble
[0.503s] Level 1:colcon.colcon_core.package_discovery:discover_packages(prefix_path) using defaults
[0.556s] Level 5:colcon.colcon_core.verb:set package 'hardware_monitor2' build argument 'cmake_args' from command line to 'None'
[0.556s] Level 5:colcon.colcon_core.verb:set package 'hardware_monitor2' build argument 'cmake_target' from command line to 'None'
[0.556s] Level 5:colcon.colcon_core.verb:set package 'hardware_monitor2' build argument 'cmake_target_skip_unavailable' from command line to 'False'
[0.556s] Level 5:colcon.colcon_core.verb:set package 'hardware_monitor2' build argument 'cmake_clean_cache' from command line to 'False'
[0.557s] Level 5:colcon.colcon_core.verb:set package 'hardware_monitor2' build argument 'cmake_clean_first' from command line to 'False'
[0.557s] Level 5:colcon.colcon_core.verb:set package 'hardware_monitor2' build argument 'cmake_force_configure' from command line to 'False'
[0.557s] Level 5:colcon.colcon_core.verb:set package 'hardware_monitor2' build argument 'ament_cmake_args' from command line to 'None'
[0.557s] Level 5:colcon.colcon_core.verb:set package 'hardware_monitor2' build argument 'catkin_cmake_args' from command line to 'None'
[0.557s] Level 5:colcon.colcon_core.verb:set package 'hardware_monitor2' build argument 'catkin_skip_building_tests' from command line to 'False'
[0.557s] DEBUG:colcon.colcon_core.verb:Building package 'hardware_monitor2' with the following arguments: {'ament_cmake_args': None, 'build_base': '/home/yeon/hardware_monitor/build/hardware_monitor2', 'catkin_cmake_args': None, 'catkin_skip_building_tests': False, 'cmake_args': None, 'cmake_clean_cache': False, 'cmake_clean_first': False, 'cmake_force_configure': False, 'cmake_target': None, 'cmake_target_skip_unavailable': False, 'install_base': '/home/yeon/hardware_monitor/install/hardware_monitor2', 'merge_install': False, 'path': '/home/yeon/hardware_monitor/src/hardware_monitor2', 'symlink_install': True, 'test_result_base': None}
[0.557s] INFO:colcon.colcon_core.executor:Executing jobs using 'parallel' executor
[0.557s] DEBUG:colcon.colcon_parallel_executor.executor.parallel:run_until_complete
[0.558s] INFO:colcon.colcon_ros.task.ament_python.build:Building ROS package in '/home/yeon/hardware_monitor/src/hardware_monitor2' with build type 'ament_python'
[0.558s] Level 1:colcon.colcon_core.shell:create_environment_hook('hardware_monitor2', 'ament_prefix_path')
[0.561s] INFO:colcon.colcon_core.plugin_system:Skipping extension 'colcon_core.shell.bat': Not used on non-Windows systems
[0.561s] INFO:colcon.colcon_core.shell:Creating environment hook '/home/yeon/hardware_monitor/install/hardware_monitor2/share/hardware_monitor2/hook/ament_prefix_path.ps1'
[0.562s] INFO:colcon.colcon_core.shell:Creating environment descriptor '/home/yeon/hardware_monitor/install/hardware_monitor2/share/hardware_monitor2/hook/ament_prefix_path.dsv'
[0.562s] INFO:colcon.colcon_core.shell:Creating environment hook '/home/yeon/hardware_monitor/install/hardware_monitor2/share/hardware_monitor2/hook/ament_prefix_path.sh'
[0.563s] INFO:colcon.colcon_core.shell:Skip shell extension 'powershell' for command environment: Not usable outside of PowerShell
[0.563s] DEBUG:colcon.colcon_core.shell:Skip shell extension 'dsv' for command environment
[0.662s] INFO:colcon.colcon_core.task.python.build:Building Python package in '/home/yeon/hardware_monitor/src/hardware_monitor2'
[0.662s] INFO:colcon.colcon_core.shell:Skip shell extension 'powershell' for command environment: Not usable outside of PowerShell
[0.662s] DEBUG:colcon.colcon_core.shell:Skip shell extension 'dsv' for command environment
[0.944s] DEBUG:colcon.colcon_core.event_handler.log_command:Invoking command in '/home/yeon/hardware_monitor/build/hardware_monitor2': PYTHONPATH=/home/yeon/hardware_monitor/build/hardware_monitor2/prefix_override:/usr/lib/python3/dist-packages/colcon_core/task/python/colcon_distutils_commands:/home/yeon/hardware_monitor/install/hardware_monitor2/lib/python3.10/site-packages:${PYTHONPATH} /usr/bin/python3 -W ignore:setup.py install is deprecated -W ignore:easy_install command is deprecated setup.py develop --editable --build-directory /home/yeon/hardware_monitor/build/hardware_monitor2/build --no-deps symlink_data
[1.120s] Level 1:colcon.colcon_core.shell:create_environment_hook('hardware_monitor2', 'pythonpath_develop')
[1.121s] DEBUG:colcon.colcon_core.event_handler.log_command:Invoked command in '/home/yeon/hardware_monitor/build/hardware_monitor2' returned '0': PYTHONPATH=/home/yeon/hardware_monitor/build/hardware_monitor2/prefix_override:/usr/lib/python3/dist-packages/colcon_core/task/python/colcon_distutils_commands:/home/yeon/hardware_monitor/install/hardware_monitor2/lib/python3.10/site-packages:${PYTHONPATH} /usr/bin/python3 -W ignore:setup.py install is deprecated -W ignore:easy_install command is deprecated setup.py develop --editable --build-directory /home/yeon/hardware_monitor/build/hardware_monitor2/build --no-deps symlink_data
[1.121s] INFO:colcon.colcon_core.shell:Creating environment hook '/home/yeon/hardware_monitor/build/hardware_monitor2/share/hardware_monitor2/hook/pythonpath_develop.ps1'
[1.121s] INFO:colcon.colcon_core.shell:Creating environment descriptor '/home/yeon/hardware_monitor/build/hardware_monitor2/share/hardware_monitor2/hook/pythonpath_develop.dsv'
[1.122s] INFO:colcon.colcon_core.shell:Creating environment hook '/home/yeon/hardware_monitor/build/hardware_monitor2/share/hardware_monitor2/hook/pythonpath_develop.sh'
[1.126s] Level 1:colcon.colcon_core.environment:checking '/home/yeon/hardware_monitor/install/hardware_monitor2' for CMake module files
[1.126s] Level 1:colcon.colcon_core.environment:checking '/home/yeon/hardware_monitor/install/hardware_monitor2' for CMake config files
[1.126s] Level 1:colcon.colcon_core.environment:checking '/home/yeon/hardware_monitor/install/hardware_monitor2/lib'
[1.126s] Level 1:colcon.colcon_core.environment:checking '/home/yeon/hardware_monitor/install/hardware_monitor2/bin'
[1.126s] Level 1:colcon.colcon_core.environment:checking '/home/yeon/hardware_monitor/install/hardware_monitor2/lib/pkgconfig/hardware_monitor2.pc'
[1.126s] Level 1:colcon.colcon_core.environment:checking '/home/yeon/hardware_monitor/install/hardware_monitor2/lib/python3.10/site-packages'
[1.126s] Level 1:colcon.colcon_core.shell:create_environment_hook('hardware_monitor2', 'pythonpath')
[1.127s] INFO:colcon.colcon_core.shell:Creating environment hook '/home/yeon/hardware_monitor/install/hardware_monitor2/share/hardware_monitor2/hook/pythonpath.ps1'
[1.127s] INFO:colcon.colcon_core.shell:Creating environment descriptor '/home/yeon/hardware_monitor/install/hardware_monitor2/share/hardware_monitor2/hook/pythonpath.dsv'
[1.127s] INFO:colcon.colcon_core.shell:Creating environment hook '/home/yeon/hardware_monitor/install/hardware_monitor2/share/hardware_monitor2/hook/pythonpath.sh'
[1.127s] Level 1:colcon.colcon_core.environment:checking '/home/yeon/hardware_monitor/install/hardware_monitor2/bin'
[1.127s] Level 1:colcon.colcon_core.environment:create_environment_scripts_only(hardware_monitor2)
[1.127s] INFO:colcon.colcon_core.shell:Creating package script '/home/yeon/hardware_monitor/install/hardware_monitor2/share/hardware_monitor2/package.ps1'
[1.128s] INFO:colcon.colcon_core.shell:Creating package descriptor '/home/yeon/hardware_monitor/install/hardware_monitor2/share/hardware_monitor2/package.dsv'
[1.128s] INFO:colcon.colcon_core.shell:Creating package script '/home/yeon/hardware_monitor/install/hardware_monitor2/share/hardware_monitor2/package.sh'
[1.129s] INFO:colcon.colcon_core.shell:Creating package script '/home/yeon/hardware_monitor/install/hardware_monitor2/share/hardware_monitor2/package.bash'
[1.129s] INFO:colcon.colcon_core.shell:Creating package script '/home/yeon/hardware_monitor/install/hardware_monitor2/share/hardware_monitor2/package.zsh'
[1.130s] Level 1:colcon.colcon_core.environment:create_file_with_runtime_dependencies(/home/yeon/hardware_monitor/install/hardware_monitor2/share/colcon-core/packages/hardware_monitor2)
[1.130s] DEBUG:colcon.colcon_parallel_executor.executor.parallel:closing loop
[1.130s] DEBUG:colcon.colcon_parallel_executor.executor.parallel:loop closed
[1.130s] DEBUG:colcon.colcon_parallel_executor.executor.parallel:run_until_complete finished with '0'
[1.130s] DEBUG:colcon.colcon_core.event_reactor:joining thread
[1.138s] INFO:colcon.colcon_core.plugin_system:Skipping extension 'colcon_notification.desktop_notification.terminal_notifier': Not used on non-Darwin systems
[1.138s] INFO:colcon.colcon_core.plugin_system:Skipping extension 'colcon_notification.desktop_notification.win32': Not used on non-Windows systems
[1.138s] INFO:colcon.colcon_notification.desktop_notification:Sending desktop notification using 'notify2'
[1.138s] DEBUG:colcon.colcon_notification.desktop_notification.notify2:Failed to initialize notify2: org.freedesktop.DBus.Error.FileNotFound: Failed to connect to socket /run/user/1000/bus: No such file or directory
[1.138s] DEBUG:colcon.colcon_core.event_reactor:joined thread
[1.138s] INFO:colcon.colcon_core.shell:Creating prefix script '/home/yeon/hardware_monitor/install/local_setup.ps1'
[1.139s] INFO:colcon.colcon_core.shell:Creating prefix util module '/home/yeon/hardware_monitor/install/_local_setup_util_ps1.py'
[1.140s] INFO:colcon.colcon_core.shell:Creating prefix chain script '/home/yeon/hardware_monitor/install/setup.ps1'
[1.140s] INFO:colcon.colcon_core.shell:Creating prefix script '/home/yeon/hardware_monitor/install/local_setup.sh'
[1.141s] INFO:colcon.colcon_core.shell:Creating prefix util module '/home/yeon/hardware_monitor/install/_local_setup_util_sh.py'
[1.141s] INFO:colcon.colcon_core.shell:Creating prefix chain script '/home/yeon/hardware_monitor/install/setup.sh'
[1.142s] INFO:colcon.colcon_core.shell:Creating prefix script '/home/yeon/hardware_monitor/install/local_setup.bash'
[1.142s] INFO:colcon.colcon_core.shell:Creating prefix chain script '/home/yeon/hardware_monitor/install/setup.bash'
[1.142s] INFO:colcon.colcon_core.shell:Creating prefix script '/home/yeon/hardware_monitor/install/local_setup.zsh'
[1.143s] INFO:colcon.colcon_core.shell:Creating prefix chain script '/home/yeon/hardware_monitor/install/setup.zsh'
